[train] Hugging Face model access OK
./scripts/train_pi05.sh: line 189: git: command not found
[train] strategy=full mode=smoke steps=1
[train] batch_per_device=1 processes=1 output=/scratchdata1/users/a1865590/RoCoIROS26/RoCo_TaskBoardAssembly/outputs/pi05_verification/full_smoke_20260805_193210
WARNING:lerobot.configs.policies:Device 'mps' is not available. Switching to 'cuda'.
WARNING:lerobot.configs.policies:Device 'mps' is not available. Switching to 'cuda'.
INFO 2026-08-05 19:33:16 ot_train.py:228 {'batch_size': 1,
 'checkpoint_path': None,
 'cudnn_deterministic': False,
 'dataset': {'depth_output_unit': 'mm',
             'episodes': [0, 1, 2],
             'eval_split': 0.0,
             'image_transforms': {'enable': False,
                                  'max_num_transforms': 3,
                                  'random_order': False,
                                  'tfs': {'affine': {'kwargs': {'degrees': [-5.0,
                                                                            5.0],
                                                                'translate': [0.05,
                                                                              0.05]},
                                                     'type': 'RandomAffine',
                                                     'weight': 1.0},
                                          'brightness': {'kwargs': {'brightness': [0.8,
                                                                                   1.2]},
                                                         'type': 'ColorJitter',
                                                         'weight': 1.0},
                                          'contrast': {'kwargs': {'contrast': [0.8,
                                                                               1.2]},
                                                       'type': 'ColorJitter',
                                                       'weight': 1.0},
                                          'hue': {'kwargs': {'hue': [-0.05,
                                                                     0.05]},
                                                  'type': 'ColorJitter',
                                                  'weight': 1.0},
                                          'saturation': {'kwargs': {'saturation': [0.5,
                                                                                   1.5]},
                                                         'type': 'ColorJitter',
                                                         'weight': 1.0},
                                          'sharpness': {'kwargs': {'sharpness': [0.5,
                                                                                 1.5]},
                                                        'type': 'SharpnessJitter',
                                                        'weight': 1.0}}},
             'repo_id': 'rocochallenge2025/rocochallenge2026_Industrial_Assembly',
             'return_uint8': False,
             'revision': 'dc03b003f94d184b2b20465ed986456ee1bf2a3c',
             'root': None,
             'streaming': False,
             'use_imagenet_stats': False,
             'video_backend': 'pyav'},
 'env': None,
 'env_eval_freq': 0,
 'eval': {'batch_size': 50,
          'n_episodes': 50,
          'recording': False,
          'recording_private': False,
          'recording_repo_id': None,
          'use_async_envs': True},
 'eval_steps': 0,
 'job': {'detach': False,
         'image': 'huggingface/lerobot-gpu:latest',
         'tags': [],
         'target': None,
         'timeout': '2d'},
 'job_name': 'roco_pi05_full_smoke',
 'log_freq': 1,
 'max_eval_samples': 0,
 'num_workers': 0,
 'optimizer': {'betas': [0.9, 0.95],
               'eps': 1e-08,
               'grad_clip_norm': 1.0,
               'lr': 2.5e-05,
               'type': 'adamw',
               'weight_decay': 0.01},
 'output_dir': '/scratchdata1/users/a1865590/RoCoIROS26/RoCo_TaskBoardAssembly/outputs/pi05_verification/full_smoke_20260805_193210',
 'peft': None,
 'persistent_workers': True,
 'policy': {'action_expert_variant': 'gemma_300m',
            'action_feature_names': None,
            'chunk_size': 50,
            'compile_mode': 'max-autotune',
            'compile_model': False,
            'device': 'cuda',
            'dtype': 'bfloat16',
            'empty_cameras': 0,
            'freeze_vision_encoder': False,
            'gradient_checkpointing': True,
            'image_resolution': [224, 224],
            'input_features': None,
            'license': None,
            'max_action_dim': 32,
            'max_period': 4.0,
            'max_state_dim': 44,
            'min_period': 0.004,
            'n_action_steps': 10,
            'n_obs_steps': 1,
            'normalization_mapping': {'ACTION': <NormalizationMode.QUANTILES: 'QUANTILES'>,
                                      'STATE': <NormalizationMode.QUANTILES: 'QUANTILES'>,
                                      'VISUAL': <NormalizationMode.IDENTITY: 'IDENTITY'>},
            'num_inference_steps': 10,
            'optimizer_betas': [0.9, 0.95],
            'optimizer_eps': 1e-08,
            'optimizer_grad_clip_norm': 1.0,
            'optimizer_lr': 2.5e-05,
            'optimizer_weight_decay': 0.01,
            'output_features': None,
            'paligemma_variant': 'gemma_2b',
            'pretrained_path': 'lerobot/pi05_base',
            'pretrained_revision': None,
            'private': None,
            'push_to_hub': False,
            'relative_exclude_joints': ['gripper'],
            'repo_id': None,
            'rtc_config': None,
            'scheduler_decay_lr': 2.5e-06,
            'scheduler_decay_steps': 1,
            'scheduler_warmup_steps': 1,
            'tags': None,
            'time_sampling_beta_alpha': 1.5,
            'time_sampling_beta_beta': 1.0,
            'time_sampling_offset': 0.001,
            'time_sampling_scale': 0.999,
            'tokenizer_max_length': 200,
            'train_expert_only': False,
            'type': 'pi05',
            'use_amp': False,
            'use_peft': False,
            'use_relative_actions': False},
 'prefetch_factor': 4,
 'rename_map': {},
 'resume': False,
 'reward_model': None,
 'sample_weighting': None,
 'save_checkpoint': True,
 'save_checkpoint_to_hub': False,
 'save_freq': 1,
 'scheduler': {'decay_lr': 2.5e-06,
               'num_decay_steps': 1,
               'num_warmup_steps': 1,
               'peak_lr': 2.5e-05,
               'type': 'cosine_decay_with_warmup'},
 'seed': 1000,
 'steps': 1,
 'tolerance_s': 0.0001,
 'use_policy_training_preset': True,
 'wandb': {'add_tags': True,
           'disable_artifact': False,
           'enable': False,
           'entity': None,
           'mode': None,
           'notes': None,
           'project': 'lerobot',
           'run_id': None}}
INFO 2026-08-05 19:33:16 ot_train.py:236 Logs will be saved locally.
INFO 2026-08-05 19:33:17 ot_train.py:254 Creating dataset
INFO 2026-08-05 19:33:17 ot_train.py:288 Creating policy
INFO 2026-08-05 19:35:20 ing_pi05.py:611 Enabled gradient checkpointing for PI05Pytorch model
WARNING 2026-08-05 19:35:29 ng_pi05.py:1109 Vision embedding key might need handling: paligemma_with_expert.paligemma.model.vision_tower.vision_model.embeddings.patch_embedding.bias
WARNING 2026-08-05 19:35:29 ng_pi05.py:1109 Vision embedding key might need handling: paligemma_with_expert.paligemma.model.vision_tower.vision_model.embeddings.patch_embedding.weight
INFO 2026-08-05 19:35:50 ot_train.py:361 Creating optimizer and scheduler
INFO 2026-08-05 19:35:50 ot_train.py:393 Output dir: /scratchdata1/users/a1865590/RoCoIROS26/RoCo_TaskBoardAssembly/outputs/pi05_verification/full_smoke_20260805_193210
INFO 2026-08-05 19:35:50 ot_train.py:400 cfg.steps=1 (1)
INFO 2026-08-05 19:35:50 ot_train.py:401 dataset.num_frames=1828 (2K)
INFO 2026-08-05 19:35:50 ot_train.py:402 dataset.num_episodes=3
INFO 2026-08-05 19:35:50 ot_train.py:405 Effective batch size: 1 x 1 = 1
INFO 2026-08-05 19:35:50 ot_train.py:406 num_learnable_params=4143404816 (4B)
INFO 2026-08-05 19:35:50 ot_train.py:407 num_total_params=4143404816 (4B)
INFO 2026-08-05 19:35:50 ot_train.py:558 Start offline training on a fixed dataset, with effective batch size: 1
INFO 2026-08-05 19:35:56 ot_train.py:602 step:1 smpl:1 ep:0 epch:0.00 loss:0.714 grdn:11.051 lr:2.5e-06 updt_s:4.909 data_s:1.522 smp/s:0 mem_gb:36.94
INFO 2026-08-05 19:35:56 ot_train.py:647 Checkpoint policy after step 1
INFO 2026-08-05 19:36:09 ot_train.py:733 End of training
The PI05 model is a direct port of the OpenPI implementation. 
This implementation follows the original OpenPI structure for compatibility. 
Original implementation: https://github.com/Physical-Intelligence/openpi
Loading model from: lerobot/pi05_base
✓ Loaded state dict from model.safetensors
Remapped 812 state dict keys
All keys loaded successfully!
